\BOOKMARK [1][-]{section.1}{Introduction}{}
\BOOKMARK [1][-]{section.2}{Install}{}
\BOOKMARK [1][-]{section.3}{Fit procedure}{}
\BOOKMARK [1][-]{section.4}{Estimation of the fit uncertainty}{}
\BOOKMARK [1][-]{section.5}{Scale factor measurement}{}
\BOOKMARK [1][-]{section.6}{User method description}{}
\BOOKMARK [1][-]{section.7}{Examples}{}
\BOOKMARK [2][-]{subsection.7.1}{Single fit}{section.7}
\BOOKMARK [2][-]{subsection.7.2}{Scale factor measurement}{section.7}
